Warning: film sensor 'canon_eos_100d' not modelled — using cie1931 response (exposure and whitebalance still applied).
PIXEL 900 260 ray.o 50.00001 40.0 180.00002 ray.d 0.10429876 0.18019669 -0.9780854
  bounce 0 HIT mesh 0 matType 4 t 118.45461 p 62.354683 61.345127 64.14129 gN 0.0 0.0 1.0
        DIELECTRIC entering 1 eta 0.59701496 cos_i 0.9780854 fresnel 0.06371278 tir 0
        REFLECT dir 0.10429876 0.18019669 0.9780854 -> envmap uv 0.22174153 0.54602224 rgb 0.03213501 0.08648682 0.12609863
        -> TRANSMIT dir 0.062267922 0.10758012 -0.99224454
  bounce 1 HIT mesh 0 matType 4 t 1.006709 p 62.41737 61.45343 63.14229 gN 0.0 0.0 -1.0
        DIELECTRIC entering 0 eta 1.675 cos_i 0.99224454 fresnel 0.06371279 tir 0
        REFLECT dir 0.062267922 0.10758012 0.99224454 -> hits mesh (occluded), matType 4
        -> TRANSMIT dir 0.10429876 0.18019669 -0.97808534
  bounce 2 HIT mesh 5 matType 4 t 8.61443 p 63.315845 63.005722 54.71654 gN -0.0 -1.0 0.0
        DIELECTRIC entering 1 eta 0.59701496 cos_i 0.18019669 fresnel 0.39720976 tir 0
        REFLECT dir 0.10429876 -0.18019669 -0.97808534 -> hits mesh (occluded), matType 4
        -> TRANSMIT dir 0.062267922 0.8094113 -0.58393157
  bounce 3 HIT mesh 5 matType 4 t 1.2340992 p 63.39269 64.004715 53.99591 gN -0.0 1.0 0.0
        DIELECTRIC entering 0 eta 1.675 cos_i 0.8094113 fresnel 0.39720956 tir 0
        REFLECT dir 0.062267922 -0.8094113 -0.58393157 -> hits mesh (occluded), matType 4
        -> TRANSMIT dir 0.10429876 0.18019684 -0.97808534
  bounce 4 HIT mesh 7 matType 1 t 217.78899 p 86.10781 103.2497 -159.02031 gN 1.2642523e-09 0.5453073 0.8382362
        STOP (diffuse probe only, not following further)
