PIXEL 960 320 ray.o 55.537956 333.4742 -244.64189 ray.d -0.19664179 -0.788641 0.5825612
  bounce 0 HIT mesh 206 matType 4 t 398.48157 p -22.820171 19.21532 -12.501993 gN -1.7281765e-07 0.82153416 -0.5701593
        DIELECTRIC entering 1 eta 0.6580679 cos_i 0.9800482 fresnel 0.042555764 tir 0
        REFLECT dir -0.1966421 0.821645 -0.5350059 -> envmap uv 0.16466132 0.95350087 rgb 0.0 0.0 0.0
        -> TRANSMIT dir -0.12940359 -0.80361694 0.5809084
  bounce 1 HIT mesh 209 matType 4 t 0.45505747 p -22.879057 18.849546 -12.237589 gN 0.00062603026 0.825666 -0.5641589
        DIELECTRIC entering 1 eta 0.6580679 cos_i 0.9913249 fresnel 0.04253315 tir 0
        REFLECT dir -0.12816238 0.8333895 -0.5376211 -> hits mesh (occluded), matType 4
        -> TRANSMIT dir -0.085371636 -0.8127756 0.5762877
  bounce 2 HIT mesh 209 matType 4 t 3.4067123 p -23.169893 16.080572 -10.274286 gN 0.0004337752 -0.825661 0.5641664
        DIELECTRIC entering 0 eta 1.5196 cos_i 0.9961623 fresnel 0.04253341 tir 0
        REFLECT dir -0.08623585 0.832209 -0.5477149 -> hits mesh (occluded), matType 4
        -> TRANSMIT dir -0.12995745 -0.8035599 0.58086365
  bounce 3 HIT mesh 219 matType 4 t 0.23899382 p -23.200952 15.888444 -10.135407 gN 0.0 0.8135476 -0.5814983
        DIELECTRIC entering 1 eta 0.6580679 cos_i 0.99150544 fresnel 0.042532936 tir 0
        REFLECT dir -0.12995745 0.8097139 -0.5722539 -> hits mesh (occluded), matType 4
        -> TRANSMIT dir -0.08552083 -0.8085373 0.5821973
  bounce 4 HIT mesh 121 matType 4 t 0.9845391 p -23.28515 15.092326 -9.562153 gN 0.0 0.8352752 -0.54983217
        DIELECTRIC entering 1 eta 0.6580679 cos_i 0.99546194 fresnel 0.04252941 tir 0
        REFLECT dir -0.08552083 0.854432 -0.5124767 -> hits mesh (occluded), matType 4
        -> TRANSMIT dir -0.05627851 -0.8185349 0.5716935
  bounce 5 HIT mesh 206 matType 4 t 0.31013733 p -23.302605 14.838384 -9.384794 gN 0.0 -0.82154024 0.57015055
        DIELECTRIC entering 0 eta 1.5196 cos_i 0.9984107 fresnel 0.042528935 tir 0
        REFLECT dir -0.05627851 0.8219342 -0.56679535 -> hits mesh (occluded), matType 4
        -> TRANSMIT dir -0.08552082 -0.8159392 0.57177746
  bounce 6 HIT mesh 121 matType 4 t 0.7599176 p -23.367594 14.218255 -8.950233 gN 0.0 -0.83527535 0.5498319
        DIELECTRIC entering 0 eta 1.5196 cos_i 0.9959154 fresnel 0.042534128 tir 0
        REFLECT dir -0.08552081 0.8477879 -0.52339465 -> hits mesh (occluded), matType 4
        -> TRANSMIT dir -0.12995744 -0.803177 0.58139306
  bounce 7 HIT mesh 219 matType 4 t 9.6124735 p -24.616806 6.4976535 -3.3615527 gN 0.0 -0.8698734 0.4932749
        DIELECTRIC entering 0 eta 1.5196 cos_i 0.9854489 fresnel 0.04261041 tir 0
        REFLECT dir -0.12995747 0.9112548 -0.39080143 -> hits mesh (occluded), matType 4
        -> TRANSMIT dir -0.19748333 -0.7582391 0.62134844
  bounce 8 HIT mesh 219 matType 4 t 15.931972 p -27.763105 -5.582677 6.537802 gN -0.28992748 0.6458823 -0.7062422
        DIELECTRIC entering 1 eta 0.6580679 cos_i 0.87129986 fresnel 0.04395486 tir 0
        REFLECT dir -0.7027109 0.36727527 -0.6093491 -> hits mesh (occluded), matType 4
        -> TRANSMIT dir -0.021802172 -0.7399143 0.6723478
  bounce 9 HIT mesh 219 matType 4 t 8.924805 p -27.957657 -12.186332 12.538445 gN -1.0 0.0 0.0
        DIELECTRIC entering 0 eta 1.5196 cos_i 0.021802172 fresnel 1.0 tir 1
        REFLECT dir 0.021802172 -0.7399143 0.6723478 -> hits mesh (occluded), matType 4
        -> REFLECT (TIR)
  bounce 10 HIT mesh 219 matType 4 t 2.5183327 p -27.902653 -14.049682 14.231641 gN -0.77259165 -0.4751025 0.42116472
        DIELECTRIC entering 0 eta 1.5196 cos_i 0.61786014 fresnel 1.0 tir 1
        REFLECT dir 0.97650933 -0.15282048 0.151906 -> hits mesh (occluded), matType 4
        -> REFLECT (TIR)
  bounce 11 HIT mesh 209 matType 4 t 0.05657218 p -27.847332 -14.058279 14.240192 gN -0.00043406908 0.7181785 -0.69585884
        DIELECTRIC entering 1 eta 0.6580679 cos_i 0.21588139 fresnel 0.31628642 tir 0
        REFLECT dir 0.97632194 0.15726227 -0.14853994 -> hits mesh (occluded), matType 4
        -> TRANSMIT dir 0.6428804 -0.5488381 0.5343048
  bounce 12 HIT mesh 219 matType 4 t 0.13292886 p -27.761875 -14.131307 14.311287 gN -0.28990632 -0.7161716 0.63486415
        DIELECTRIC entering 0 eta 1.5196 cos_i 0.54589814 fresnel 1.0 tir 1
        REFLECT dir 0.95939904 0.23307544 -0.15883753 -> hits mesh (occluded), matType 4
        -> REFLECT (TIR)
  bounce 13 HIT mesh 209 matType 4 t 0.3670591 p -27.40969 -14.045683 14.25292 gN -0.00043406908 0.7181785 -0.69585884
        DIELECTRIC entering 0 eta 1.5196 cos_i 0.27750182 fresnel 1.0 tir 1
        REFLECT dir 0.95963997 -0.16551626 0.22736666 -> hits mesh (occluded), matType 4
        -> REFLECT (TIR)
  bounce 14 HIT mesh 219 matType 4 t 0.45952696 p -26.96871 -14.121814 14.3574705 gN 0.0 -0.74830735 0.6633522
        DIELECTRIC entering 0 eta 1.5196 cos_i 0.2746812 fresnel 1.0 tir 1
        REFLECT dir 0.95963997 0.24557568 -0.13705412 -> hits mesh (occluded), matType 4
        -> REFLECT (TIR)
  bounce 15 HIT mesh 209 matType 4 t 0.46944872 p -26.518208 -14.006454 14.293064 gN -0.0002605643 0.7181842 -0.69585306
        DIELECTRIC entering 0 eta 1.5196 cos_i 0.27148804 fresnel 1.0 tir 1
        REFLECT dir 0.95978147 -0.14438115 0.24077745 -> hits mesh (occluded), matType 4
        -> REFLECT (TIR)
  bounce 16 HIT mesh 219 matType 4 t 0.48158017 p -26.055996 -14.076057 14.409087 gN 0.0 -0.74830735 0.6633522
        DIELECTRIC entering 0 eta 1.5196 cos_i 0.2677617 fresnel 1.0 tir 1
        REFLECT dir 0.95978135 0.25635493 -0.114463165 -> hits mesh (occluded), matType 4
        -> REFLECT (TIR)
  bounce 17 HIT mesh 209 matType 4 t 0.49563003 p -25.5803 -13.948926 14.352289 gN -0.000106162115 0.7181842 -0.69585306
        DIELECTRIC entering 0 eta 1.5196 cos_i 0.26365775 fresnel 1.0 tir 1
        REFLECT dir 0.95983744 -0.122354686 0.2524709 -> hits mesh (occluded), matType 4
        -> REFLECT (TIR)
  bounce 18 HIT mesh 219 matType 4 t 0.48437053 p -25.115383 -14.008263 14.474648 gN 0.0 -0.67486906 0.73793757
        DIELECTRIC entering 0 eta 1.5196 cos_i 0.26888117 fresnel 1.0 tir 1
        REFLECT dir 0.9598373 0.24056445 -0.14436412 -> hits mesh (occluded), matType 4
        -> REFLECT (TIR)
  bounce 19 HIT mesh 209 matType 4 t 0.46785 p -24.666323 -13.895647 14.407034 gN 3.2530952e-05 0.7090162 -0.70519215
        DIELECTRIC entering 0 eta 1.5196 cos_i 0.27239978 fresnel 1.0 tir 1
        REFLECT dir 0.95981973 -0.14570724 0.23982425 -> hits mesh (occluded), matType 4
        -> REFLECT (TIR)
  bounce 20 HIT mesh 219 matType 4 t 0.45692784 p -24.227755 -13.962296 14.516686 gN 0.0 -0.67486906 0.73793757
        DIELECTRIC entering 0 eta 1.5196 cos_i 0.27530864 fresnel 1.0 tir 1
        REFLECT dir 0.9598196 0.2258873 -0.16649692 -> hits mesh (occluded), matType 4
        -> REFLECT (TIR)
  bounce 21 HIT mesh 209 matType 4 t 0.44788554 p -23.797865 -13.861056 14.442041 gN 0.00018603208 0.70901245 -0.7051959
        DIELECTRIC entering 0 eta 1.5196 cos_i 0.27774844 fresnel 1.0 tir 1
        REFLECT dir 0.95971626 -0.16796686 0.22523716 -> hits mesh (occluded), matType 4
        -> REFLECT (TIR)
  bounce 22 HIT mesh 219 matType 4 t 0.4410649 p -23.374567 -13.935211 14.541456 gN 0.0 -0.67486906 0.73793757
        DIELECTRIC entering 0 eta 1.5196 cos_i 0.27956662 fresnel 1.0 tir 1
        REFLECT dir 0.95971626 0.20937481 -0.18736821 -> hits mesh (occluded), matType 4
        -> REFLECT (TIR)
  bounce 23 HIT mesh 209 matType 4 t 0.43580622 p -22.956316 -13.843897 14.459726 gN 0.000619665 0.70901793 -0.7051902
        DIELECTRIC entering 0 eta 1.5196 cos_i 0.28117547 fresnel 1.0 tir 1
        REFLECT dir 0.9593678 -0.18934202 0.20919609 -> hits mesh (occluded), matType 4
        -> REFLECT (TIR)
  bounce 24 HIT mesh 219 matType 4 t 0.43180925 p -22.542051 -13.925727 14.55013 gN 0.0 -0.67486906 0.73793757
        DIELECTRIC entering 0 eta 1.5196 cos_i 0.28215477 fresnel 1.0 tir 1
        REFLECT dir 0.9593678 0.19149296 -0.20722906 -> hits mesh (occluded), matType 4
        -> REFLECT (TIR)
  bounce 25 HIT mesh 209 matType 4 t 0.42954335 p -22.12996 -13.843405 14.461042 gN 0.001034122 0.7090251 -0.70518255
        DIELECTRIC entering 0 eta 1.5196 cos_i 0.2828998 fresnel 1.0 tir 1
        REFLECT dir 0.95878273 -0.20967309 0.19176288 -> hits mesh (occluded), matType 4
        -> REFLECT (TIR)
  bounce 26 HIT mesh 219 matType 4 t 0.4282448 p -21.719368 -13.933267 14.543235 gN 0.0 -0.67486906 0.73793757
        DIELECTRIC entering 0 eta 1.5196 cos_i 0.28301096 fresnel 1.0 tir 1
        REFLECT dir 0.9587826 0.17231752 -0.22592588 -> hits mesh (occluded), matType 4
        -> REFLECT (TIR)
  bounce 27 HIT mesh 209 matType 4 t 0.42758778 p -21.309404 -13.859518 14.446558 gN 0.0029905925 0.70902044 -0.7051817
        DIELECTRIC entering 0 eta 1.5196 cos_i 0.28436285 fresnel 1.0 tir 1
        REFLECT dir 0.9570818 -0.23092052 0.17512898 -> hits mesh (occluded), matType 4
        -> REFLECT (TIR)
  bounce 28 HIT mesh 219 matType 4 t 0.42449185 p -20.903131 -13.957613 14.520969 gN 0.0 -0.67486906 0.73793757
        DIELECTRIC entering 0 eta 1.5196 cos_i 0.28507543 fresnel 1.0 tir 1
        REFLECT dir 0.9570818 0.15385656 -0.24560665 -> hits mesh (occluded), matType 4
        -> REFLECT (TIR)
  bounce 29 HIT mesh 209 matType 4 t 0.34487551 p -20.573057 -13.904484 14.4361925 gN 0.3505211 0.66404986 -0.66043377
        DIELECTRIC entering 0 eta 1.5196 cos_i 0.59985286 fresnel 1.0 tir 1
        REFLECT dir 0.5365597 -0.6428076 0.5467193 -> hits mesh (occluded), matType 4
        -> REFLECT (TIR)
  bounce 30 HIT mesh 219 matType 4 t 0.1174329 p -20.510082 -13.980038 14.500462 gN 0.0 -0.67486906 0.73793757
        DIELECTRIC entering 0 eta 1.5196 cos_i 0.83725595 fresnel 0.0766483 tir 0
        REFLECT dir 0.5365597 0.48726827 -0.6889655 -> hits mesh (occluded), matType 4
        -> TRANSMIT dir 0.81535584 -0.49365577 0.30248785
  bounce 31 HIT mesh 209 matType 4 t 0.18887532 p -20.356081 -14.073345 14.557668 gN 0.90245605 0.30941048 -0.29973048
        DIELECTRIC entering 0 eta 1.5196 cos_i 0.4924157 fresnel 1.0 tir 1
        REFLECT dir -0.073411204 -0.7983729 0.5976718 -> hits mesh (occluded), matType 4
        -> REFLECT (TIR)
  bounce 32 HIT mesh 209 matType 4 t 3.1736367 p -20.589151 -16.60712 16.45449 gN 0.32529438 -0.6876843 0.6490562
        DIELECTRIC entering 0 eta 1.5196 cos_i 0.91307086 fresnel 0.047295813 tir 0
        REFLECT dir -0.66744477 0.457436 -0.5875967 -> hits mesh (occluded), matType 4
        -> TRANSMIT dir -0.3075973 -0.7987681 0.5170623
  bounce 33 MISS -> envmap localdir 0.5679945 -0.19837302 0.7987681 uv 0.6763165 0.45202214 rgb 0.027983788 0.07928679 0.12000479
