PIXEL 960 320 ray.o 55.537956 333.4742 -244.64189 ray.d -0.19664179 -0.788641 0.5825612
  bounce 0 HIT mesh 206 matType 4 t 398.48157 p -22.820171 19.21532 -12.501993 gN -1.7281765e-07 0.82153416 -0.5701593
        DIELECTRIC entering 1 eta 0.6580679 cos_i 0.9800482 fresnel 0.042555764 tir 0
        REFLECT dir -0.1966421 0.821645 -0.5350059 -> envmap uv 0.16466132 0.95350087 rgb 0.0 0.0 0.0
        -> TRANSMIT dir -0.12940359 -0.80361694 0.5809084
  bounce 1 HIT mesh 209 matType 4 t 0.45505747 p -22.879057 18.849546 -12.237589 gN 0.00062603026 0.825666 -0.5641589
        DIELECTRIC entering 1 eta 0.6580679 cos_i 0.9913249 fresnel 0.04253315 tir 0
        REFLECT dir -0.12816238 0.8333895 -0.5376211 -> hits mesh (occluded), matType 4
        -> TRANSMIT dir -0.085371636 -0.8127756 0.5762877
  bounce 2 HIT mesh 209 matType 4 t 3.4067123 p -23.169893 16.080572 -10.274286 gN 0.0004337752 -0.825661 0.5641664
        DIELECTRIC entering 0 eta 1.5196 cos_i 0.9961623 fresnel 0.04253341 tir 0
        REFLECT dir -0.08623585 0.832209 -0.5477149 -> hits mesh (occluded), matType 4
        -> TRANSMIT dir -0.12995745 -0.8035599 0.58086365
  bounce 3 HIT mesh 219 matType 4 t 0.23899382 p -23.200952 15.888444 -10.135407 gN 0.0 0.8135476 -0.5814983
        DIELECTRIC entering 1 eta 0.6580679 cos_i 0.99150544 fresnel 0.042532936 tir 0
        REFLECT dir -0.12995745 0.8097139 -0.5722539 -> hits mesh (occluded), matType 4
        -> TRANSMIT dir -0.08552083 -0.8085373 0.5821973
  bounce 4 HIT mesh 121 matType 4 t 0.9845391 p -23.28515 15.092326 -9.562153 gN 0.0 0.8352752 -0.54983217
        DIELECTRIC entering 1 eta 0.6580679 cos_i 0.99546194 fresnel 0.04252941 tir 0
        REFLECT dir -0.08552083 0.854432 -0.5124767 -> hits mesh (occluded), matType 4
        -> TRANSMIT dir -0.05627851 -0.8185349 0.5716935
  bounce 5 HIT mesh 206 matType 4 t 0.31013733 p -23.302605 14.838384 -9.384794 gN 0.0 -0.82154024 0.57015055
        DIELECTRIC entering 0 eta 1.5196 cos_i 0.9984107 fresnel 0.042528935 tir 0
        REFLECT dir -0.05627851 0.8219342 -0.56679535 -> hits mesh (occluded), matType 4
        -> TRANSMIT dir -0.08552082 -0.8159392 0.57177746
  bounce 6 HIT mesh 121 matType 4 t 0.7599176 p -23.367594 14.218255 -8.950233 gN 0.0 -0.83527535 0.5498319
        DIELECTRIC entering 0 eta 1.5196 cos_i 0.9959154 fresnel 0.042534128 tir 0
        REFLECT dir -0.08552081 0.8477879 -0.52339465 -> hits mesh (occluded), matType 4
        -> TRANSMIT dir -0.12995744 -0.803177 0.58139306
  bounce 7 HIT mesh 219 matType 4 t 9.6124735 p -24.616806 6.4976535 -3.3615527 gN 0.0 -0.8698734 0.4932749
        DIELECTRIC entering 0 eta 1.5196 cos_i 0.9854489 fresnel 0.04261041 tir 0
        REFLECT dir -0.12995747 0.9112548 -0.39080143 -> hits mesh (occluded), matType 4
        -> TRANSMIT dir -0.19748333 -0.7582391 0.62134844
