PIXEL 200 68 ray.o 55.537956 333.4742 -244.64189 ray.d -0.19845624 -0.788972 0.5814966
  bounce 0 HIT mesh 208 matType 4 t 397.7845 p -23.404858 19.633385 -13.331568 gN 0.025503155 0.8370429 -0.5465425
        DIELECTRIC entering 1 eta 0.6580679 cos_i 0.9832773 fresnel 0.042547386 tir 0
        REFLECT dir -0.14830291 0.85711867 -0.49330917 -> envmap uv 0.14013708 0.95113885 rgb 0.0 0.0 0.0
        -> TRANSMIT dir -0.13941488 -0.8085876 0.57162017
  bounce 1 HIT mesh 206 matType 4 t 0.82731974 p -23.5202 18.96434 -12.858601 gN 0.0 0.81231093 -0.5832246
        DIELECTRIC entering 1 eta 0.6580679 cos_i 0.99020743 fresnel 0.04253457 tir 0
        REFLECT dir -0.13941489 0.8001252 -0.58340657 -> hits mesh (occluded), matType 4
        -> TRANSMIT dir -0.09174445 -0.81166023 0.5768801
  bounce 2 HIT mesh 209 matType 4 t 0.4526174 p -23.561726 18.596888 -12.597437 gN 0.00037284714 0.81061936 -0.5855734
        DIELECTRIC entering 1 eta 0.6580679 cos_i 0.9957873 fresnel 0.042529218 tir 0
        REFLECT dir -0.09100189 0.8027486 -0.58933294 -> hits mesh (occluded), matType 4
        -> TRANSMIT dir -0.06050192 -0.8120745 0.580409
  bounce 3 HIT mesh 209 matType 4 t 3.4005756 p -23.767467 15.835287 -10.623654 gN 0.0004321278 -0.81061953 0.5855731
        DIELECTRIC entering 0 eta 1.5196 cos_i 0.9981292 fresnel 0.04252929 tir 0
        REFLECT dir -0.061364554 0.8061314 -0.5885461 -> hits mesh (occluded), matType 4
        -> TRANSMIT dir -0.09216389 -0.8116287 0.5768576
  bounce 4 HIT mesh 219 matType 4 t 0.24159835 p -23.789734 15.639118 -10.484228 gN 0.0 0.8135476 -0.5814983
        DIELECTRIC entering 1 eta 0.6580679 cos_i 0.9957403 fresnel 0.042529244 tir 0
        REFLECT dir -0.0921639 0.80853564 -0.58118504 -> hits mesh (occluded), matType 4
        -> TRANSMIT dir -0.060650095 -0.8130664 0.5790031
  bounce 5 HIT mesh 121 matType 4 t 0.9660344 p -23.848324 14.853587 -9.924833 gN 0.0 0.8352752 -0.54983217
        DIELECTRIC entering 1 eta 0.6580679 cos_i 0.99748874 fresnel 0.04252844 tir 0
        REFLECT dir -0.060650095 0.8532887 -0.5178997 -> hits mesh (occluded), matType 4
        -> TRANSMIT dir -0.03991188 -0.82113296 0.56933975
  bounce 6 HIT mesh 206 matType 4 t 0.32299918 p -23.861216 14.588278 -9.740882 gN 0.0 -0.81230926 0.583227
        DIELECTRIC entering 0 eta 1.5196 cos_i 0.9990682 fresnel 0.04252834 tir 0
        REFLECT dir -0.039911877 0.8019716 -0.59602725 -> hits mesh (occluded), matType 4
        -> TRANSMIT dir -0.060650088 -0.82511896 0.561694
  bounce 7 HIT mesh 121 matType 4 t 0.74515635 p -23.90641 13.973354 -9.322274 gN 0.0 -0.83527535 0.5498319
        DIELECTRIC entering 0 eta 1.5196 cos_i 0.9980388 fresnel 0.042529408 tir 0
        REFLECT dir -0.060650088 0.8421555 -0.5358132 -> hits mesh (occluded), matType 4
        -> TRANSMIT dir -0.09216388 -0.8185435 0.567003
